WARNING: No mechanism path specified; using default mechanisms in /Users/beel083/Library/CloudStorage/OneDrive-PNNL/Desktop/codes/LD-Chem/src/ld_chem/mechanisms/
WARNING: No species data path specified; using default values in /Users/beel083/Library/CloudStorage/OneDrive-PNNL/Desktop/codes/LD-Chem/src/ld_chem/species_data/
Running trajectory 1 particles...
1/2 -- 0.0s/it
0.8504215645166792 1.0036319379601919e-10

Solving time: 0.0 seconds

Running trajectory 1 particles...
1/3 -- 0.0s/it
0.85 1.003712710947095e-10

2/3 -- 0.0s/it
0.85 1.003712710947095e-10

Solving time: 0.0 seconds

Running trajectory 1 particles...
1/3 -- 0.0s/it
0.8499999999999996 1.003712710947095e-10

2/3 -- 0.0s/it
0.8499999999999996 1.003712710947095e-10

Solving time: 0.01 seconds

Running trajectory 1 particles...
1/3 -- 0.0s/it
0.85 1.003712710947095e-10

2/3 -- 0.0s/it
0.85 1.003712710947095e-10

Solving time: 0.01 seconds

Running trajectory 1 particles...
1/3 -- 0.0s/it
0.85 1.003712710947095e-10

2/3 -- 0.0s/it
0.85 1.003712710947095e-10

Solving time: 0.01 seconds

Running trajectory 1 particles...
1/3 -- 0.0s/it
0.8499999999999996 1.003712710947095e-10

2/3 -- 0.0s/it
0.8499999999999996 1.003712710947095e-10

Solving time: 0.01 seconds

Running trajectory 1 particles...
1/3 -- 0.0s/it
0.85 1.0037127109474276e-10

2/3 -- 0.0s/it
0.85 1.0037127109474276e-10

Solving time: 0.01 seconds

Running trajectory 1 particles...
1/3 -- 0.0s/it
0.85 1.0015011086603065e-10

2/3 -- 0.0s/it
0.85 1.0015011086603154e-10

Solving time: 0.01 seconds
WARNING: No mechanism path specified; using default mechanisms in /Users/beel083/Library/CloudStorage/OneDrive-PNNL/Desktop/codes/LD-Chem/src/ld_chem/mechanisms/
WARNING: No species data path specified; using default values in /Users/beel083/Library/CloudStorage/OneDrive-PNNL/Desktop/codes/LD-Chem/src/ld_chem/species_data/
WARNING: No mechanism path specified; using default mechanisms in /Users/beel083/miniforge3/envs/LD-Chem/lib/python3.11/site-packages/ld_chem/mechanisms/
WARNING: No species data path specified; using default values in /Users/beel083/miniforge3/envs/LD-Chem/lib/python3.11/site-packages/ld_chem/species_data/
Running trajectory 1 particles...

Running trajectory 1 particles...
1/3 -- 0.0s/it
0.85 inf


Running trajectory 1 particles...
1/3 -- 0.0s/it
0.85 inf


Running trajectory 1 particles...
1/3 -- 0.0s/it
0.85 inf


Running trajectory 1 particles...

Running trajectory 1 particles...
WARNING: No mechanism path specified; using default mechanisms in /Users/beel083/miniforge3/envs/LD-Chem/lib/python3.11/site-packages/ld_chem/mechanisms/
WARNING: No species data path specified; using default values in /Users/beel083/miniforge3/envs/LD-Chem/lib/python3.11/site-packages/ld_chem/species_data/
WARNING: No mechanism path specified; using default mechanisms in /Users/beel083/Library/CloudStorage/OneDrive-PNNL/Desktop/codes/LD-Chem/src/ld_chem/mechanisms/
WARNING: No species data path specified; using default values in /Users/beel083/Library/CloudStorage/OneDrive-PNNL/Desktop/codes/LD-Chem/src/ld_chem/species_data/
Running trajectory 1 particles...
1/2 -- 0.0s/it
0.8504215645166792 1.0036319379601919e-10

Solving time: 0.0 seconds

Running trajectory 1 particles...
1/3 -- 0.0s/it
0.85 1.003712710947095e-10

2/3 -- 0.0s/it
0.85 1.003712710947095e-10

Solving time: 0.01 seconds

Running trajectory 1 particles...
1/3 -- 0.0s/it
0.8499999999999996 1.003712710947095e-10

2/3 -- 0.0s/it
0.8499999999999996 1.003712710947095e-10

Solving time: 0.0 seconds

Running trajectory 1 particles...
1/3 -- 0.0s/it
0.85 1.003712710947095e-10

2/3 -- 0.0s/it
0.85 1.003712710947095e-10

Solving time: 0.0 seconds

Running trajectory 1 particles...
1/3 -- 0.0s/it
0.85 1.003712710947095e-10

2/3 -- 0.0s/it
0.85 1.003712710947095e-10

Solving time: 0.01 seconds

Running trajectory 1 particles...
1/3 -- 0.0s/it
0.8499999999999996 1.003712710947095e-10

2/3 -- 0.0s/it
0.8499999999999996 1.003712710947095e-10

Solving time: 0.01 seconds

Running trajectory 1 particles...
1/3 -- 0.0s/it
0.85 1.0037127109474276e-10

2/3 -- 0.0s/it
0.85 1.0037127109474276e-10

Solving time: 0.0 seconds

Running trajectory 1 particles...
1/3 -- 0.0s/it
0.85 1.0015011086603065e-10

2/3 -- 0.0s/it
0.85 1.0015011086603154e-10

Solving time: 0.01 seconds
WARNING: No mechanism path specified; using default mechanisms in /Users/beel083/Library/CloudStorage/OneDrive-PNNL/Desktop/codes/LD-Chem/src/ld_chem/mechanisms/
WARNING: No species data path specified; using default values in /Users/beel083/Library/CloudStorage/OneDrive-PNNL/Desktop/codes/LD-Chem/src/ld_chem/species_data/
WARNING: No mechanism path specified; using default mechanisms in /Users/beel083/miniforge3/envs/LD-Chem/lib/python3.11/site-packages/ld_chem/mechanisms/
WARNING: No species data path specified; using default values in /Users/beel083/miniforge3/envs/LD-Chem/lib/python3.11/site-packages/ld_chem/species_data/
Running trajectory 1 particles...
1/2 -- 0.0s/it
0.8504215645166792 1.0036319379601919e-10

Solving time: 0.0 seconds

Running trajectory 1 particles...
1/3 -- 0.0s/it
0.85 1.003712710947095e-10

2/3 -- 0.0s/it
0.85 1.003712710947095e-10

Solving time: 0.0 seconds

Running trajectory 1 particles...
1/3 -- 0.0s/it
0.8499999999999996 1.003712710947095e-10

2/3 -- 0.0s/it
0.8499999999999996 1.003712710947095e-10

Solving time: 0.0 seconds

Running trajectory 1 particles...
1/3 -- 0.0s/it
0.85 1.003712710947095e-10

2/3 -- 0.0s/it
0.85 1.003712710947095e-10

Solving time: 0.0 seconds

Running trajectory 1 particles...
1/3 -- 0.0s/it
0.85 1.003712710947095e-10

2/3 -- 0.0s/it
0.85 1.003712710947095e-10

Solving time: 0.01 seconds

Running trajectory 1 particles...
1/3 -- 0.0s/it
0.8499999999999996 1.003712710947095e-10

2/3 -- 0.0s/it
0.8499999999999996 1.003712710947095e-10

Solving time: 0.01 seconds

Running trajectory 1 particles...
1/3 -- 0.0s/it
0.85 1.0037127109474276e-10

2/3 -- 0.0s/it
0.85 1.0037127109474276e-10

Solving time: 0.01 seconds

Running trajectory 1 particles...
1/3 -- 0.0s/it
0.85 1.0015011086603065e-10

2/3 -- 0.0s/it
0.85 1.0015011086603154e-10

Solving time: 0.01 seconds
WARNING: No mechanism path specified; using default mechanisms in /Users/beel083/miniforge3/envs/LD-Chem/lib/python3.11/site-packages/ld_chem/mechanisms/
WARNING: No species data path specified; using default values in /Users/beel083/miniforge3/envs/LD-Chem/lib/python3.11/site-packages/ld_chem/species_data/
