WARNING: No mechanism path specified; using default mechanisms in /Users/beel083/Library/CloudStorage/OneDrive-PNNL/Desktop/codes/multipart_archived/src/multipart/mechanisms/
WARNING: No species data path specified; using default values in /Users/beel083/Library/CloudStorage/OneDrive-PNNL/Desktop/codes/multipart_archived/src/multipart/species_data/

Running trajectory 20 particles...
1/2136 -- 6.29s/it
0.8462259317279415 29.17993605349754

2/2136 -- 0.88s/it
0.8463891299165599 29.18903341219578

3/2136 -- 0.9s/it
0.8466121671728558 29.2074772690164

4/2136 -- 0.91s/it
0.8468840334717248 29.23346260886736

5/2136 -- 0.91s/it
0.8471957445657868 29.26566649575275

6/2136 -- 0.93s/it
0.8475399692546467 29.30301692369186

7/2136 -- 0.94s/it
0.8479106811120178 29.344643524127378

8/2136 -- 0.97s/it
0.8483029540551621 29.389832810225762

9/2136 -- 0.98s/it
0.8487128347982892 29.43800261282808

10/2136 -- 0.97s/it
0.8491370964233192 29.488686761526544

11/2136 -- 0.93s/it
0.8495731043387014 29.541504936256867

12/2136 -- 0.92s/it
0.8500183773056272 29.5961557227741

13/2136 -- 0.92s/it
0.8504397906653745 29.65319515169572

14/2136 -- 0.92s/it
0.8508417073710807 29.707442356103886

15/2136 -- 0.89s/it
0.8512276939381239 29.759409604859318

16/2136 -- 0.91s/it
0.8516006654492451 29.80953323092638

17/2136 -- 0.91s/it
0.8519630042570684 29.858173032983935

18/2136 -- 0.88s/it
0.8523166205575268 29.905625466170086

19/2136 -- 0.89s/it
0.8526631187412823 29.952129687198408

20/2136 -- 0.88s/it
0.8530038084985903 29.99788840834203

21/2136 -- 0.94s/it
0.853339758544674 30.043068282808314

22/2136 -- 0.93s/it
0.8536718409575975 30.087806265857967

23/2136 -- 0.91s/it
0.8540007673583917 30.132214930865302

WARNING: No mechanism path specified; using default mechanisms in /Users/beel083/Library/CloudStorage/OneDrive-PNNL/Desktop/codes/multipart_archived/src/multipart/mechanisms/
WARNING: No species data path specified; using default values in /Users/beel083/Library/CloudStorage/OneDrive-PNNL/Desktop/codes/multipart_archived/src/multipart/species_data/

Running trajectory 20 particles...
1/2136 -- 6.2s/it
0.8462259317279415 29.177169433735813

